
> @utxo-pilot/frontend@0.1.0 dev
> vite

[33mThe CJS build of Vite's Node API is deprecated. See https://vite.dev/guide/troubleshooting.html#vite-cjs-node-api-deprecated for more details.[39m

  [32m[1mVITE[22m v5.4.21[39m  [2mready in [0m[1m391[22m[2m[0m ms[22m

  [32m➜[39m  [1mLocal[22m:   [36mhttp://localhost:[1m5173[22m/[39m
[2m  [32m➜[39m  [1mNetwork[22m[2m: use [22m[1m--host[22m[2m to expose[22m
[2m6:51:52 AM[22m [31m[1m[vite][22m[39m [31mhttp proxy error: /api/wallets[39m
Error: connect ECONNREFUSED ::1:3001
    at TCPConnectWrap.afterConnect [as oncomplete] (node:net:1615:16)
[2m6:51:52 AM[22m [31m[1m[vite][22m[39m [31mhttp proxy error: /api/settings[39m
Error: connect ECONNREFUSED ::1:3001
    at TCPConnectWrap.afterConnect [as oncomplete] (node:net:1615:16)
[2m6:51:53 AM[22m [31m[1m[vite][22m[39m [31mhttp proxy error: /api/wallets[39m
Error: connect ECONNREFUSED ::1:3001
    at TCPConnectWrap.afterConnect [as oncomplete] (node:net:1615:16)
[2m6:51:53 AM[22m [31m[1m[vite][22m[39m [31mhttp proxy error: /api/settings[39m
Error: connect ECONNREFUSED ::1:3001
    at TCPConnectWrap.afterConnect [as oncomplete] (node:net:1615:16)
[2m6:51:54 AM[22m [31m[1m[vite][22m[39m [31mhttp proxy error: /api/wallets[39m
Error: connect ECONNREFUSED ::1:3001
    at TCPConnectWrap.afterConnect [as oncomplete] (node:net:1615:16)
[2m6:51:54 AM[22m [31m[1m[vite][22m[39m [31mhttp proxy error: /api/settings[39m
Error: connect ECONNREFUSED ::1:3001
    at TCPConnectWrap.afterConnect [as oncomplete] (node:net:1615:16)
[2m6:51:55 AM[22m [31m[1m[vite][22m[39m [31mhttp proxy error: /api/wallets[39m
Error: connect ECONNREFUSED ::1:3001
    at TCPConnectWrap.afterConnect [as oncomplete] (node:net:1615:16)
[2m6:51:55 AM[22m [31m[1m[vite][22m[39m [31mhttp proxy error: /api/settings[39m
Error: connect ECONNREFUSED ::1:3001
    at TCPConnectWrap.afterConnect [as oncomplete] (node:net:1615:16)
[2m6:52:22 AM[22m [31m[1m[vite][22m[39m [31mhttp proxy error: /api/fees[39m
Error: connect ECONNREFUSED ::1:3001
    at TCPConnectWrap.afterConnect [as oncomplete] (node:net:1615:16)
[2m6:52:22 AM[22m [31m[1m[vite][22m[39m [31mhttp proxy error: /api/wallets/1[39m
Error: connect ECONNREFUSED ::1:3001
    at TCPConnectWrap.afterConnect [as oncomplete] (node:net:1615:16)
[2m6:52:22 AM[22m [31m[1m[vite][22m[39m [31mhttp proxy error: /api/wallets/1/balance[39m
Error: connect ECONNREFUSED ::1:3001
    at TCPConnectWrap.afterConnect [as oncomplete] (node:net:1615:16)
[2m6:52:22 AM[22m [31m[1m[vite][22m[39m [31mhttp proxy error: /api/wallets/1/sync/status[39m
Error: connect ECONNREFUSED ::1:3001
    at TCPConnectWrap.afterConnect [as oncomplete] (node:net:1615:16)
[2m6:52:22 AM[22m [31m[1m[vite][22m[39m [31mhttp proxy error: /api/wallets[39m
Error: connect ECONNREFUSED ::1:3001
    at TCPConnectWrap.afterConnect [as oncomplete] (node:net:1615:16)
[2m6:52:22 AM[22m [31m[1m[vite][22m[39m [31mhttp proxy error: /api/settings[39m
Error: connect ECONNREFUSED ::1:3001
    at TCPConnectWrap.afterConnect [as oncomplete] (node:net:1615:16)
[2m6:52:23 AM[22m [31m[1m[vite][22m[39m [31mhttp proxy error: /api/fees[39m
Error: connect ECONNREFUSED ::1:3001
    at TCPConnectWrap.afterConnect [as oncomplete] (node:net:1615:16)
[2m6:52:23 AM[22m [31m[1m[vite][22m[39m [31mhttp proxy error: /api/wallets/1[39m
Error: connect ECONNREFUSED ::1:3001
    at TCPConnectWrap.afterConnect [as oncomplete] (node:net:1615:16)
[2m6:52:23 AM[22m [31m[1m[vite][22m[39m [31mhttp proxy error: /api/wallets/1/balance[39m
Error: connect ECONNREFUSED ::1:3001
    at TCPConnectWrap.afterConnect [as oncomplete] (node:net:1615:16)
[2m6:52:23 AM[22m [31m[1m[vite][22m[39m [31mhttp proxy error: /api/wallets/1/sync/status[39m
Error: connect ECONNREFUSED ::1:3001
    at TCPConnectWrap.afterConnect [as oncomplete] (node:net:1615:16)
[2m6:52:23 AM[22m [31m[1m[vite][22m[39m [31mhttp proxy error: /api/wallets[39m
Error: connect ECONNREFUSED ::1:3001
    at TCPConnectWrap.afterConnect [as oncomplete] (node:net:1615:16)
[2m6:52:23 AM[22m [31m[1m[vite][22m[39m [31mhttp proxy error: /api/settings[39m
Error: connect ECONNREFUSED ::1:3001
    at TCPConnectWrap.afterConnect [as oncomplete] (node:net:1615:16)
[2m6:52:38 AM[22m [31m[1m[vite][22m[39m [31mhttp proxy error: /api/wallets/1/balance[39m
Error: connect ECONNREFUSED ::1:3001
    at TCPConnectWrap.afterConnect [as oncomplete] (node:net:1615:16)
[2m6:52:39 AM[22m [31m[1m[vite][22m[39m [31mhttp proxy error: /api/wallets/1/balance[39m
Error: connect ECONNREFUSED ::1:3001
    at TCPConnectWrap.afterConnect [as oncomplete] (node:net:1615:16)
[2m6:52:54 AM[22m [31m[1m[vite][22m[39m [31mhttp proxy error: /api/wallets/1/balance[39m
Error: connect ECONNREFUSED ::1:3001
    at TCPConnectWrap.afterConnect [as oncomplete] (node:net:1615:16)
[2m6:52:55 AM[22m [31m[1m[vite][22m[39m [31mhttp proxy error: /api/wallets/1/balance[39m
Error: connect ECONNREFUSED ::1:3001
    at TCPConnectWrap.afterConnect [as oncomplete] (node:net:1615:16)
[2m6:53:10 AM[22m [31m[1m[vite][22m[39m [31mhttp proxy error: /api/wallets/1/balance[39m
Error: connect ECONNREFUSED ::1:3001
    at TCPConnectWrap.afterConnect [as oncomplete] (node:net:1615:16)
[2m6:53:11 AM[22m [31m[1m[vite][22m[39m [31mhttp proxy error: /api/wallets/1/balance[39m
Error: connect ECONNREFUSED ::1:3001
    at TCPConnectWrap.afterConnect [as oncomplete] (node:net:1615:16)
[2m6:53:13 AM[22m [31m[1m[vite][22m[39m [31mhttp proxy error: /api/wallets/1/balance[39m
Error: connect ECONNREFUSED ::1:3001
    at TCPConnectWrap.afterConnect [as oncomplete] (node:net:1615:16)
[2m6:53:16 AM[22m [31m[1m[vite][22m[39m [31mhttp proxy error: /api/wallets/1/balance[39m
Error: connect ECONNREFUSED ::1:3001
    at TCPConnectWrap.afterConnect [as oncomplete] (node:net:1615:16)
[2m6:53:23 AM[22m [31m[1m[vite][22m[39m [31mhttp proxy error: /api/fees[39m
Error: connect ECONNREFUSED ::1:3001
    at TCPConnectWrap.afterConnect [as oncomplete] (node:net:1615:16)
[2m6:53:24 AM[22m [31m[1m[vite][22m[39m [31mhttp proxy error: /api/fees[39m
Error: connect ECONNREFUSED ::1:3001
    at TCPConnectWrap.afterConnect [as oncomplete] (node:net:1615:16)
[2m6:53:26 AM[22m [31m[1m[vite][22m[39m [31mhttp proxy error: /api/wallets/1/balance[39m
Error: connect ECONNREFUSED ::1:3001
    at TCPConnectWrap.afterConnect [as oncomplete] (node:net:1615:16)
[2m6:53:27 AM[22m [31m[1m[vite][22m[39m [31mhttp proxy error: /api/wallets/1/balance[39m
Error: connect ECONNREFUSED ::1:3001
    at TCPConnectWrap.afterConnect [as oncomplete] (node:net:1615:16)
[2m6:53:42 AM[22m [31m[1m[vite][22m[39m [31mhttp proxy error: /api/wallets/1/balance[39m
Error: connect ECONNREFUSED ::1:3001
    at TCPConnectWrap.afterConnect [as oncomplete] (node:net:1615:16)
[2m6:53:43 AM[22m [31m[1m[vite][22m[39m [31mhttp proxy error: /api/wallets/1/balance[39m
Error: connect ECONNREFUSED ::1:3001
    at TCPConnectWrap.afterConnect [as oncomplete] (node:net:1615:16)
[2m6:53:58 AM[22m [31m[1m[vite][22m[39m [31mhttp proxy error: /api/wallets/1/balance[39m
Error: connect ECONNREFUSED ::1:3001
    at TCPConnectWrap.afterConnect [as oncomplete] (node:net:1615:16)
[2m6:53:59 AM[22m [31m[1m[vite][22m[39m [31mhttp proxy error: /api/wallets/1/balance[39m
Error: connect ECONNREFUSED ::1:3001
    at TCPConnectWrap.afterConnect [as oncomplete] (node:net:1615:16)
[2m6:54:11 AM[22m [36m[1m[vite][22m[39m [32mvite.config.ts changed, restarting server...[39m
[2m6:54:11 AM[22m [36m[1m[vite][22m[39m server restarted.
[2m7:11:17 AM[22m [36m[1m[vite][22m[39m [32mhmr update [39m[2m/src/pages/SpendPlanner.tsx[22m
[2m7:15:37 AM[22m [36m[1m[vite][22m[39m [32mhmr update [39m[2m/src/pages/PlanReview.tsx[22m
[2m7:20:09 AM[22m [36m[1m[vite][22m[39m [32mhmr update [39m[2m/src/pages/PlanReview.tsx[22m
[2m7:26:36 AM[22m [36m[1m[vite][22m[39m [32mhmr update [39m[2m/src/pages/ConsolidationPlanner.tsx[22m
[2m7:31:12 AM[22m [36m[1m[vite][22m[39m [32mhmr update [39m[2m/src/pages/Dashboard.tsx[22m
[2m7:35:21 AM[22m [36m[1m[vite][22m[39m [32mhmr update [39m[2m/src/index.css[22m
[2m7:56:21 AM[22m [36m[1m[vite][22m[39m [32mhmr update [39m[2m/src/App.tsx[22m
[2m7:56:25 AM[22m [36m[1m[vite][22m[39m [32mhmr update [39m[2m/src/App.tsx[22m
[2m7:56:30 AM[22m [36m[1m[vite][22m[39m [32mhmr update [39m[2m/src/components/Layout.tsx[22m
[2m8:08:30 AM[22m [36m[1m[vite][22m[39m [32mhmr update [39m[2m/src/components/Layout.tsx[22m
[2m8:09:23 AM[22m [36m[1m[vite][22m[39m [32mhmr update [39m[2m/src/components/Layout.tsx[22m
[2m8:10:07 AM[22m [36m[1m[vite][22m[39m [32mhmr update [39m[2m/src/components/Layout.tsx[22m
[2m8:19:04 AM[22m [36m[1m[vite][22m[39m [32mhmr update [39m[2m/src/App.tsx[22m
[2m8:19:07 AM[22m [36m[1m[vite][22m[39m [32mhmr update [39m[2m/src/App.tsx[22m
[2m8:19:13 AM[22m [36m[1m[vite][22m[39m [32mhmr update [39m[2m/src/components/Layout.tsx[22m
[2m8:55:45 AM[22m [36m[1m[vite][22m[39m [32mhmr update [39m[2m/src/pages/Feedback.tsx[22m
[2m10:25:57 AM[22m [36m[1m[vite][22m[39m [32mhmr update [39m[2m/src/pages/Dashboard.tsx[22m
[2m10:26:00 AM[22m [36m[1m[vite][22m[39m [32mhmr update [39m[2m/src/pages/Dashboard.tsx[22m
[2m10:26:02 AM[22m [36m[1m[vite][22m[39m [32m✨ new dependencies optimized: [33mrecharts[32m[39m
[2m10:26:02 AM[22m [36m[1m[vite][22m[39m [32m✨ optimized dependencies changed. reloading[39m
[2m10:30:28 AM[22m [36m[1m[vite][22m[39m [32mhmr update [39m[2m/src/components/Layout.tsx[22m
[2m10:31:44 AM[22m [36m[1m[vite][22m[39m [32mhmr update [39m[2m/src/components/Layout.tsx[22m
[2m10:32:35 AM[22m [36m[1m[vite][22m[39m [32mhmr update [39m[2m/src/components/Layout.tsx[22m
[2m10:35:12 AM[22m [36m[1m[vite][22m[39m [32mhmr update [39m[2m/src/pages/ImportWallet.tsx[22m
[2m10:35:41 AM[22m [36m[1m[vite][22m[39m [32mhmr update [39m[2m/src/pages/ConsolidationPlanner.tsx[22m
[2m11:28:54 AM[22m [36m[1m[vite][22m[39m [32mhmr update [39m[2m/src/pages/Settings.tsx[22m
[2m11:29:00 AM[22m [36m[1m[vite][22m[39m [32mhmr update [39m[2m/src/pages/Settings.tsx[22m
[2m11:29:10 AM[22m [36m[1m[vite][22m[39m [32mhmr update [39m[2m/src/pages/Settings.tsx[22m
[2m11:29:20 AM[22m [36m[1m[vite][22m[39m [32mhmr update [39m[2m/src/pages/Settings.tsx[22m
[2m11:29:38 AM[22m [36m[1m[vite][22m[39m [32mhmr update [39m[2m/src/pages/Dashboard.tsx[22m
[2m11:29:43 AM[22m [36m[1m[vite][22m[39m [32mhmr update [39m[2m/src/pages/Dashboard.tsx[22m
[2m11:29:48 AM[22m [36m[1m[vite][22m[39m [32mhmr update [39m[2m/src/components/UTXOTable.tsx[22m
[2m11:29:52 AM[22m [36m[1m[vite][22m[39m [32mhmr update [39m[2m/src/components/UTXOTable.tsx[22m
[2m11:29:56 AM[22m [36m[1m[vite][22m[39m [32mhmr update [39m[2m/src/pages/SpendPlanner.tsx[22m
[2m11:30:03 AM[22m [36m[1m[vite][22m[39m [32mhmr update [39m[2m/src/pages/SpendPlanner.tsx[22m
[2m11:30:09 AM[22m [36m[1m[vite][22m[39m [32mhmr update [39m[2m/src/pages/ConsolidationPlanner.tsx[22m
[2m11:30:16 AM[22m [36m[1m[vite][22m[39m [32mhmr update [39m[2m/src/pages/ConsolidationPlanner.tsx[22m
